// Jest Snapshot v1, https://goo.gl/fbAQLP

exports[`Test article component Matches the snapshot 1`] = `
ShallowWrapper {
  Symbol(enzyme.__root__): [Circular],
  Symbol(enzyme.__unrendered__): <Menu
    getMenus={[MockFunction]}
    history={
      Object {
        "push": [MockFunction] {
          "calls": Array [
            Array [
              "/sign-in",
            ],
          ],
          "results": Array [
            Object {
              "isThrow": false,
              "value": undefined,
            },
          ],
        },
      }
    }
    postUserOrder={[MockFunction]}
  />,
  Symbol(enzyme.__renderer__): Object {
    "batchedUpdates": [Function],
    "checkPropTypes": [Function],
    "getNode": [Function],
    "render": [Function],
    "simulateError": [Function],
    "simulateEvent": [Function],
    "unmount": [Function],
  },
  Symbol(enzyme.__node__): Object {
    "instance": null,
    "key": undefined,
    "nodeType": "function",
    "props": Object {
      "children": Array [
        <Header
          as="h2"
        >
          Menu Items [
          0
          ]
        </Header>,
        "",
        "",
        "",
        <Message
          icon={true}
        >
          <Icon
            as="i"
            loading={true}
            name="circle notched"
          />
          <MessageContent>
            <MessageHeader>
              Just one second
            </MessageHeader>
            We are fetching menu items for you.
          </MessageContent>
        </Message>,
      ],
      "style": Object {
        "padding": "4em 0em",
      },
    },
    "ref": null,
    "rendered": Array [
      Object {
        "instance": null,
        "key": undefined,
        "nodeType": "function",
        "props": Object {
          "as": "h2",
          "children": Array [
            "Menu Items [",
            0,
            "]",
          ],
        },
        "ref": null,
        "rendered": Array [
          "Menu Items [",
          0,
          "]",
        ],
        "type": [Function],
      },
      "",
      "",
      "",
      Object {
        "instance": null,
        "key": undefined,
        "nodeType": "class",
        "props": Object {
          "children": Array [
            <Icon
              as="i"
              loading={true}
              name="circle notched"
            />,
            <MessageContent>
              <MessageHeader>
                Just one second
              </MessageHeader>
              We are fetching menu items for you.
            </MessageContent>,
          ],
          "icon": true,
        },
        "ref": null,
        "rendered": Array [
          Object {
            "instance": null,
            "key": undefined,
            "nodeType": "class",
            "props": Object {
              "as": "i",
              "loading": true,
              "name": "circle notched",
            },
            "ref": null,
            "rendered": null,
            "type": [Function],
          },
          Object {
            "instance": null,
            "key": undefined,
            "nodeType": "function",
            "props": Object {
              "children": Array [
                <MessageHeader>
                  Just one second
                </MessageHeader>,
                "We are fetching menu items for you.",
              ],
            },
            "ref": null,
            "rendered": Array [
              Object {
                "instance": null,
                "key": undefined,
                "nodeType": "function",
                "props": Object {
                  "children": "Just one second",
                },
                "ref": null,
                "rendered": "Just one second",
                "type": [Function],
              },
              "We are fetching menu items for you.",
            ],
            "type": [Function],
          },
        ],
        "type": [Function],
      },
    ],
    "type": [Function],
  },
  Symbol(enzyme.__nodes__): Array [
    Object {
      "instance": null,
      "key": undefined,
      "nodeType": "function",
      "props": Object {
        "children": Array [
          <Header
            as="h2"
          >
            Menu Items [
            0
            ]
          </Header>,
          "",
          "",
          "",
          <Message
            icon={true}
          >
            <Icon
              as="i"
              loading={true}
              name="circle notched"
            />
            <MessageContent>
              <MessageHeader>
                Just one second
              </MessageHeader>
              We are fetching menu items for you.
            </MessageContent>
          </Message>,
        ],
        "style": Object {
          "padding": "4em 0em",
        },
      },
      "ref": null,
      "rendered": Array [
        Object {
          "instance": null,
          "key": undefined,
          "nodeType": "function",
          "props": Object {
            "as": "h2",
            "children": Array [
              "Menu Items [",
              0,
              "]",
            ],
          },
          "ref": null,
          "rendered": Array [
            "Menu Items [",
            0,
            "]",
          ],
          "type": [Function],
        },
        "",
        "",
        "",
        Object {
          "instance": null,
          "key": undefined,
          "nodeType": "class",
          "props": Object {
            "children": Array [
              <Icon
                as="i"
                loading={true}
                name="circle notched"
              />,
              <MessageContent>
                <MessageHeader>
                  Just one second
                </MessageHeader>
                We are fetching menu items for you.
              </MessageContent>,
            ],
            "icon": true,
          },
          "ref": null,
          "rendered": Array [
            Object {
              "instance": null,
              "key": undefined,
              "nodeType": "class",
              "props": Object {
                "as": "i",
                "loading": true,
                "name": "circle notched",
              },
              "ref": null,
              "rendered": null,
              "type": [Function],
            },
            Object {
              "instance": null,
              "key": undefined,
              "nodeType": "function",
              "props": Object {
                "children": Array [
                  <MessageHeader>
                    Just one second
                  </MessageHeader>,
                  "We are fetching menu items for you.",
                ],
              },
              "ref": null,
              "rendered": Array [
                Object {
                  "instance": null,
                  "key": undefined,
                  "nodeType": "function",
                  "props": Object {
                    "children": "Just one second",
                  },
                  "ref": null,
                  "rendered": "Just one second",
                  "type": [Function],
                },
                "We are fetching menu items for you.",
              ],
              "type": [Function],
            },
          ],
          "type": [Function],
        },
      ],
      "type": [Function],
    },
  ],
  Symbol(enzyme.__options__): Object {
    "adapter": ReactSixteenAdapter {
      "options": Object {
        "enableComponentDidUpdateOnSetState": true,
        "legacyContextMode": "parent",
        "lifecycles": Object {
          "componentDidUpdate": Object {
            "onSetState": true,
          },
          "getChildContext": Object {
            "calledByRenderer": false,
          },
          "getDerivedStateFromProps": true,
          "getSnapshotBeforeUpdate": true,
          "setState": Object {
            "skipsComponentDidUpdateOnNullish": true,
          },
        },
      },
    },
  },
  Symbol(enzyme.__childContext__): null,
}
`;
